// Jest Snapshot v1, https://goo.gl/fbAQLP

exports[`should match snapshots 1`] = `
<header
  className="header container"
>
  <Link
    href="/"
  >
    <Title
      className="brand"
    />
  </Link>
  <UserMenu
    user={
      Object {
        "id": "asd",
        "name": "Adrian Escat",
      }
    }
  />
</header>
`;
